2026-08-23T14:56:13+0800 Mac-Resume active: reconciliation started
2026-08-23T15:02:02+0800 Mac-Resume resumed; inspecting required artifacts
2026-08-23T15:02:21+0800 Mac-Resume active: extracting Mac names and row structure
2026-08-23T15:02:35+0800 Mac-Resume active: comparing exact report and source names
2026-08-23T15:03:01+0800 Mac-Resume active: auditing source-backed Mac gap list
2026-08-23T15:03:20+0800 Mac-Resume active: resolving candidate/report count discrepancy
2026-08-23T15:03:52+0800 Mac-Resume active: deriving complete source Mac catalogue
2026-08-23T15:04:30+0800 Mac-Resume active: locating product headers and source order
2026-08-23T15:04:51+0800 Mac-Resume active: checking prior Mac evidence
2026-08-23T15:05:03+0800 Mac-Resume active: inspecting Planck Mac batch evidence
2026-08-23T15:05:23+0800 Mac-Resume active: extracting evidence names and validation summary
2026-08-23T15:05:52+0800 Mac-Resume active: parsing evidence matrix header and source indices
2026-08-23T15:06:10+0800 Mac-Resume active: reconciling authoritative 35-device set
2026-08-23T15:06:27+0800 Mac-Resume active: reconciling without extra dependency
2026-08-23T15:06:46+0800 Mac-Resume active: resolving source-only set from evidence columns
2026-08-23T15:06:59+0800 Mac-Resume active: extracting all 50 source product names
2026-08-23T15:07:14+0800 Mac-Resume active: auditing build target selection
2026-08-23T15:07:32+0800 Mac-Resume active: comparing source catalogue against canonical and report
2026-08-23T15:07:51+0800 Mac-Resume active: identifying missing authoritative row
2026-08-23T15:08:12+0800 Mac-Resume active: normalizing candidate to authoritative 35-device set
2026-08-23T15:08:12+0800 Mac-Resume active: normalized wrapper and device membership
2026-08-23T15:08:50+0800 Mac-Resume active: validating with Ajv Draft 2020-12
2026-08-23T15:09:07+0800 Mac-Resume active: mapping canonical contract shapes
2026-08-23T15:09:22+0800 Mac-Resume active: extracting canonical Mac field shapes
2026-08-23T15:09:32+0800 Mac-Resume active: extracting exact canonical nested shapes
2026-08-23T15:10:09+0800 Mac-Resume active: transforming candidate to strict contract shapes
2026-08-23T15:10:42+0800 Mac-Resume active: reverting invalid summary transformation
2026-08-23T15:10:59+0800 Mac-Resume active: reverting color transformation
2026-08-23T15:12:14+0800 Mac-Resume active: auditing final candidate integrity
2026-08-23T15:12:33+0800 Mac-Resume active: resolving duplicate candidate identity
2026-08-23T15:12:54+0800 Mac-Resume active: removing duplicate unsupported row
2026-08-23T15:13:11+0800 Mac-Resume active: restoring final missing source-backed row
2026-08-23T15:13:40+0800 Mac-Resume active: reconciling final 35 unique devices
2026-08-23T15:14:02+0800 Mac-Resume active: adding final unique device
2026-08-23T15:14:17+0800 Mac-Resume active: auditing current final set
2026-08-23T15:14:41+0800 Mac-Resume active: replacing duplicate with final unique device
2026-08-23T15:15:09+0800 Mac-Resume active: final integrity audit
2026-08-23T15:15:52+0800 Mac-Resume active: checkpointing and cleaning completed helpers
2026-08-23T15:16:08+0800 Mac-Resume active: preparing atomic commit
2026-08-23T15:16:16+0800 Mac-Resume active: committing atomic Mac reconciliation
